integer      string                                                             integer       char     integer      integer      float      integer      boolean      boolean     string                                                             string[]                                                         
oid          relname                                                            relnamespace  relkind  relowner     relam        reltuples  relpages     relhasrules  relhasoids  relnspname                                                         reloptions                                                       
22           PARTSSUPPLIER.PARTS                                                21            r        0            0            0.0        0            false        false       PartsSupplier                                                      <null>                                                           
27           PK_PARTS                                                           27            i        0            0            0.0        0            false        false       PartsSupplier                                                      <null>                                                           
29           PARTSSUPPLIER.SHIP_VIA                                             21            r        0            0            0.0        0            false        false       PartsSupplier                                                      <null>                                                           
32           PK_SHIP_VIA                                                        32            i        0            0            0.0        0            false        false       PartsSupplier                                                      <null>                                                           
34           PARTSSUPPLIER.STATUS                                               21            r        0            0            0.0        0            false        false       PartsSupplier                                                      <null>                                                           
37           PK_STATUS                                                          37            i        0            0            0.0        0            false        false       PartsSupplier                                                      <null>                                                           
39           PARTSSUPPLIER.SUPPLIER                                             21            r        0            0            0.0        0            false        false       PartsSupplier                                                      <null>                                                           
45           PK_SUPPLIER                                                        45            i        0            0            0.0        0            false        false       PartsSupplier                                                      <null>                                                           
49           PARTSSUPPLIER.SUPPLIER_PARTS                                       21            r        0            0            0.0        0            false        false       PartsSupplier                                                      <null>                                                           
54           PK_SUPPLIER_PARTS                                                  54            i        0            0            0.0        0            false        false       PartsSupplier                                                      <null>                                                           
62           Columns                                                            61            r        0            0            0.0        0            false        false       SYS                                                                <null>                                                           
97           PK                                                                 97            i        0            0            0.0        0            false        false       SYS                                                                <null>                                                           
108          UNIQUE0                                                            108           i        0            0            0.0        0            false        false       SYS                                                                <null>                                                           
110          DataTypes                                                          61            r        0            0            0.0        0            false        false       SYS                                                                <null>                                                           
132          PK                                                                 132           i        0            0            0.0        0            false        false       SYS                                                                <null>                                                           
134          UNIQUE0                                                            134           i        0            0            0.0        0            false        false       SYS                                                                <null>                                                           
136          FunctionParams                                                     61            r        0            0            0.0        0            false        false       SYS                                                                <null>                                                           
155          PK                                                                 155           i        0            0            0.0        0            false        false       SYS                                                                <null>                                                           
164          UNIQUE0                                                            164           i        0            0            0.0        0            false        false       SYS                                                                <null>                                                           
166          Functions                                                          61            r        0            0            0.0        0            false        false       SYS                                                                <null>                                                           
174          PK                                                                 174           i        0            0            0.0        0            false        false       SYS                                                                <null>                                                           
181          UNIQUE0                                                            181           i        0            0            0.0        0            false        false       SYS                                                                <null>                                                           
183          GEOMETRY_COLUMNS                                                   61            v        0            0            0.0        0            false        false       SYS                                                                <null>                                                           
191          KeyColumns                                                         61            r        0            0            0.0        0            false        false       SYS                                                                <null>                                                           
202          PK                                                                 202           i        0            0            0.0        0            false        false       SYS                                                                <null>                                                           
213          UNIQUE0                                                            213           i        0            0            0.0        0            false        false       SYS                                                                <null>                                                           
215          Keys                                                               61            r        0            0            0.0        0            false        false       SYS                                                                <null>                                                           
229          PK                                                                 229           i        0            0            0.0        0            false        false       SYS                                                                <null>                                                           
238          UNIQUE0                                                            238           i        0            0            0.0        0            false        false       SYS                                                                <null>                                                           
240          ProcedureParams                                                    61            r        0            0            0.0        0            false        false       SYS                                                                <null>                                                           
259          PK                                                                 259           i        0            0            0.0        0            false        false       SYS                                                                <null>                                                           
268          UNIQUE0                                                            268           i        0            0            0.0        0            false        false       SYS                                                                <null>                                                           
270          Procedures                                                         61            r        0            0            0.0        0            false        false       SYS                                                                <null>                                                           
279          PK                                                                 279           i        0            0            0.0        0            false        false       SYS                                                                <null>                                                           
288          UNIQUE0                                                            288           i        0            0            0.0        0            false        false       SYS                                                                <null>                                                           
290          Properties                                                         61            r        0            0            0.0        0            false        false       SYS                                                                <null>                                                           
295          UNIQUE0                                                            295           i        0            0            0.0        0            false        false       SYS                                                                <null>                                                           
298          ReferenceKeyColumns                                                61            r        0            0            0.0        0            false        false       SYS                                                                <null>                                                           
313          Schemas                                                            61            r        0            0            0.0        0            false        false       SYS                                                                <null>                                                           
320          PK                                                                 320           i        0            0            0.0        0            false        false       SYS                                                                <null>                                                           
323          UNIQUE0                                                            323           i        0            0            0.0        0            false        false       SYS                                                                <null>                                                           
325          spatial_ref_sys                                                    61            v        0            0            0.0        0            false        false       SYS                                                                <null>                                                           
331          PK                                                                 331           i        0            0            0.0        0            false        false       SYS                                                                <null>                                                           
333          Tables                                                             61            r        0            0            0.0        0            false        false       SYS                                                                <null>                                                           
347          PK                                                                 347           i        0            0            0.0        0            false        false       SYS                                                                <null>                                                           
356          UNIQUE0                                                            356           i        0            0            0.0        0            false        false       SYS                                                                <null>                                                           
358          VirtualDatabases                                                   61            r        0            0            0.0        0            false        false       SYS                                                                <null>                                                           
361          PK                                                                 361           i        0            0            0.0        0            false        false       SYS                                                                <null>                                                           
371          MatViews                                                           370           r        0            0            0.0        0            false        false       SYSADMIN                                                           <null>                                                           
381          PK                                                                 381           i        0            0            0.0        0            false        false       SYSADMIN                                                           <null>                                                           
385          StoredProcedures                                                   370           r        0            0            0.0        0            false        false       SYSADMIN                                                           <null>                                                           
391          PK                                                                 391           i        0            0            0.0        0            false        false       SYSADMIN                                                           <null>                                                           
395          UNIQUE0                                                            395           i        0            0            0.0        0            false        false       SYSADMIN                                                           <null>                                                           
397          Triggers                                                           370           r        0            0            0.0        0            false        false       SYSADMIN                                                           <null>                                                           
407          PK                                                                 407           i        0            0            0.0        0            false        false       SYSADMIN                                                           <null>                                                           
412          Usage                                                              370           r        0            0            0.0        0            false        false       SYSADMIN                                                           <null>                                                           
424          PK                                                                 424           i        0            0            0.0        0            false        false       SYSADMIN                                                           <null>                                                           
427          VDBResources                                                       370           r        0            0            0.0        0            false        false       SYSADMIN                                                           <null>                                                           
430          PK                                                                 430           i        0            0            0.0        0            false        false       SYSADMIN                                                           <null>                                                           
432          Views                                                              370           r        0            0            0.0        0            false        false       SYSADMIN                                                           <null>                                                           
438          PK                                                                 438           i        0            0            0.0        0            false        false       SYSADMIN                                                           <null>                                                           
442          UNIQUE0                                                            442           i        0            0            0.0        0            false        false       SYSADMIN                                                           <null>                                                           
508          geography_columns                                                  507           v        0            0            0.0        0            false        false       pg_catalog                                                         <null>                                                           
516          matpg_datatype                                                     507           v        0            0            0.0        0            false        false       pg_catalog                                                         <null>                                                           
524          matpg_datatype_names                                               524           i        0            0            0.0        0            false        false       pg_catalog                                                         <null>                                                           
527          matpg_datatype_ids                                                 527           i        0            0            0.0        0            false        false       pg_catalog                                                         <null>                                                           
530          pg_am                                                              507           v        0            0            0.0        0            false        false       pg_catalog                                                         <null>                                                           
533          pg_attrdef                                                         507           v        0            0            0.0        0            false        false       pg_catalog                                                         <null>                                                           
538          pg_attribute                                                       507           v        0            0            0.0        0            false        false       pg_catalog                                                         <null>                                                           
549          pk_pg_attr                                                         549           i        0            0            0.0        0            false        false       pg_catalog                                                         <null>                                                           
551          pg_class                                                           507           v        0            0            0.0        0            false        false       pg_catalog                                                         <null>                                                           
564          pk_pg_class                                                        564           i        0            0            0.0        0            false        false       pg_catalog                                                         <null>                                                           
566          pg_constraint                                                      507           v        0            0            0.0        0            false        false       pg_catalog                                                         <null>                                                           
574          pg_database                                                        507           v        0            0            0.0        0            false        false       pg_catalog                                                         <null>                                                           
584          pg_description                                                     507           v        0            0            0.0        0            false        false       pg_catalog                                                         <null>                                                           
589          pg_index                                                           507           v        0            0            0.0        0            false        false       pg_catalog                                                         <null>                                                           
600          pk_pg_index                                                        600           i        0            0            0.0        0            false        false       pg_catalog                                                         <null>                                                           
602          pg_inherits                                                        507           v        0            0            0.0        0            false        false       pg_catalog                                                         <null>                                                           
606          pg_namespace                                                       507           v        0            0            0.0        0            false        false       pg_catalog                                                         <null>                                                           
610          pg_prepared_xacts                                                  507           v        0            0            0.0        0            false        false       pg_catalog                                                         <null>                                                           
615          pg_proc                                                            507           v        0            0            0.0        0            false        false       pg_catalog                                                         <null>                                                           
626          pk_pg_proc                                                         626           i        0            0            0.0        0            false        false       pg_catalog                                                         <null>                                                           
628          pg_stats                                                           507           v        0            0            0.0        0            false        false       pg_catalog                                                         <null>                                                           
632          pg_trigger                                                         507           v        0            0            0.0        0            false        false       pg_catalog                                                         <null>                                                           
642          pg_type                                                            507           v        0            0            0.0        0            false        false       pg_catalog                                                         <null>                                                           
657          pg_user                                                            507           v        0            0            0.0        0            false        false       pg_catalog                                                         <null>                                                           
Row Count : 86
getColumnName  getColumnType  getCatalogName  getColumnClassName  getColumnLabel  getColumnTypeName  getSchemaName  getTableName  getColumnDisplaySize  getPrecision  getScale  isAutoIncrement  isCaseSensitive  isCurrency  isDefinitelyWritable  isNullable  isReadOnly  isSearchable  isSigned  isWritable  
oid            4              PartsSupplier   java.lang.Integer   oid             integer            pg_catalog     pg_class      11                    10            0         false            false            false       false                 1           true        true          true      false       
relname        12             PartsSupplier   java.lang.String    relname         string             pg_catalog     pg_class      4000                  4000          0         false            true             false       false                 1           true        true          false     false       
relnamespace   4              PartsSupplier   java.lang.Integer   relnamespace    integer            pg_catalog     pg_class      11                    10            0         false            false            false       false                 1           true        true          true      false       
relkind        1              PartsSupplier   java.lang.String    relkind         char               pg_catalog     pg_class      1                     1             0         false            true             false       false                 1           true        true          false     false       
relowner       4              PartsSupplier   java.lang.Integer   relowner        integer            pg_catalog     pg_class      11                    10            0         false            false            false       false                 1           true        true          true      false       
relam          4              PartsSupplier   java.lang.Integer   relam           integer            pg_catalog     pg_class      11                    10            0         false            false            false       false                 1           true        true          true      false       
reltuples      7              PartsSupplier   java.lang.Float     reltuples       float              pg_catalog     pg_class      9                     7             3         false            false            false       false                 1           true        true          true      false       
relpages       4              PartsSupplier   java.lang.Integer   relpages        integer            pg_catalog     pg_class      11                    10            0         false            false            false       false                 1           true        true          true      false       
relhasrules    -7             PartsSupplier   java.lang.Boolean   relhasrules     boolean            pg_catalog     pg_class      5                     1             0         false            false            false       false                 1           true        true          false     false       
relhasoids     -7             PartsSupplier   java.lang.Boolean   relhasoids      boolean            pg_catalog     pg_class      5                     1             0         false            false            false       false                 1           true        true          false     false       
relnspname     12             PartsSupplier   java.lang.String    relnspname      string             pg_catalog     pg_class      4000                  4000          0         false            true             false       false                 1           true        true          false     false       
reloptions     2003           PartsSupplier   java.sql.Array      reloptions      string[]           pg_catalog     pg_class      2147483647            4000          0         false            true             false       false                 1           true        true          false     false       
